#,,,,,,,"generated_by='OpenQuake engine 3.9.0-gitd6bb53eecf', start_date='2020-02-23T06:35:26', checksum=3332310124, investigation_time=10.0, risk_investigation_time=50.0"
cresta,asset_id,occupancy,state,taxonomy,lon,lat,structural
"0.11","a2","Res","01","tax1",-122.00000,38.10300,2.49416E+02
"0.11","a1","Res","01","tax1",-122.00000,38.11300,1.76549E+03
