====== ===========
rlz_id structural 
====== ===========
0      8.74762E+03
====== ===========