#,,,,,,,,,,,,,,,,,,,,,,,,"generated_by='OpenQuake engine 3.9.0-git3c59c5956c', start_date='2020-01-25T08:57:11', checksum=520854033, kind='mean', investigation_time=50.0, imt='SA(0.15)'"
lon,lat,depth,poe-0.0040000,poe-0.0050000,poe-0.0070000,poe-0.0098000,poe-0.0137000,poe-0.0192000,poe-0.0269000,poe-0.0376000,poe-0.0527000,poe-0.0738000,poe-0.1030000,poe-0.1450000,poe-0.2030000,poe-0.2840000,poe-0.3970000,poe-0.5560000,poe-0.7780000,poe-1.0900000,poe-1.5200000,poe-2.1300000,poe-2.8500000,poe-3.4500000
16.26570,39.30020,0.00000,7.009037E-01,6.878154E-01,6.622089E-01,6.283348E-01,5.844375E-01,5.274411E-01,4.561071E-01,3.731216E-01,2.845943E-01,2.017052E-01,1.333018E-01,8.102440E-02,4.643853E-02,2.514070E-02,1.298973E-02,6.445775E-03,3.145354E-03,1.534487E-03,7.654613E-04,3.820786E-04,2.091125E-04,1.394182E-04
