#,,,,,,,,,,,,,,,,,,,,,,,,"generated_by='OpenQuake engine 3.9.0-git3c59c5956c', start_date='2020-01-25T08:57:11', checksum=520854033, kind='mean', investigation_time=50.0, imt='SA(0.1)'"
lon,lat,depth,poe-0.0040000,poe-0.0050000,poe-0.0070000,poe-0.0098000,poe-0.0137000,poe-0.0192000,poe-0.0269000,poe-0.0376000,poe-0.0527000,poe-0.0738000,poe-0.1030000,poe-0.1450000,poe-0.2030000,poe-0.2840000,poe-0.3970000,poe-0.5560000,poe-0.7780000,poe-1.0900000,poe-1.5200000,poe-2.1300000,poe-2.8500000,poe-3.4500000
16.26570,39.30020,0.00000,7.023398E-01,6.893802E-01,6.636553E-01,6.291695E-01,5.842512E-01,5.261639E-01,4.542378E-01,3.716297E-01,2.843802E-01,2.029207E-01,1.353047E-01,8.295373E-02,4.777901E-02,2.583813E-02,1.323253E-02,6.454711E-03,3.075552E-03,1.468669E-03,7.237244E-04,3.588236E-04,1.955004E-04,1.298321E-04
