#,,,,,,,,,,,,,,,,,,,,"generated_by='OpenQuake engine 3.9.0-git3c59c5956c', start_date='2020-01-25T08:57:11', checksum=520854033, kind='mean', investigation_time=50.0, imt='PGA'"
lon,lat,depth,poe-0.0137000,poe-0.0192000,poe-0.0269000,poe-0.0376000,poe-0.0527000,poe-0.0738000,poe-0.1030000,poe-0.1450000,poe-0.2030000,poe-0.2840000,poe-0.3970000,poe-0.5560000,poe-0.7780000,poe-1.0900000,poe-1.5200000,poe-2.1300000,poe-2.8500000,poe-3.4500000
16.26570,39.30020,0.00000,4.320674E-01,3.423974E-01,2.522945E-01,1.730685E-01,1.103658E-01,6.619295E-02,3.777272E-02,2.013125E-02,1.029054E-02,5.004690E-03,2.311604E-03,1.017492E-03,4.419776E-04,1.910085E-04,8.196139E-05,3.287082E-05,1.370253E-05,7.251630E-06
