#,"generated_by='OpenQuake engine 3.9.0-gitf066e79c9e', start_date='2020-01-23T05:52:09', checksum=2673797252, smlt_path='b1', gsimlt_path='b1', imt='PGA', investigation_time=50.0, lon=10.099999999999994, lat=40.1, poe='0.0200000', iml='5.4263089e-01', rlz=0"
mag,poe
5.50000E+00,8.37814E-03
6.50000E+00,7.28298E-03
7.50000E+00,3.37498E-03
