#,"generated_by='OpenQuake engine 3.9.0-gitf066e79c9e', start_date='2020-01-23T05:52:09', checksum=2673797252, smlt_path='b1', gsimlt_path='b1', imt='SA', investigation_time=50.0, lon=10.099999999999994, lat=40.1, poe='0.1000000', iml='3.2690742e-01', rlz=0"
mag,poe
5.50000E+00,5.27115E-02
6.50000E+00,3.16234E-02
7.50000E+00,9.93832E-03
