asset_id,policy,taxonomy,lon,lat,structural~no_damage_mean,structural~no_damage_stdv,structural~LS1_mean,structural~LS1_stdv,structural~LS2_mean,structural~LS2_stdv
"a0","A","RM",81.29850,29.10980,8.888889E-01,1.166667E+00,7.777778E-01,6.666667E-01,1.333333E+00,1.224745E+00
"a1","A","RC",83.08230,27.90060,2.030000E+02,5.599405E+01,2.160000E+02,1.722401E+01,8.100000E+01,3.897007E+01
"a2","B","W",85.74770,27.90150,3.982857E+02,3.588192E+02,3.178571E+02,1.524045E+02,2.838571E+02,3.001652E+02
"a3","B","RM",85.74770,27.90150,3.428571E+00,3.359422E+00,3.714286E+00,1.253566E+00,2.857143E+00,3.132016E+00
