asset_id,policy,taxonomy,lon,lat,structural~no_damage_mean,structural~no_damage_stdv,structural~LS1_mean,structural~LS1_stdv,structural~LS2_mean,structural~LS2_stdv
"a0","A","RM",81.29850,29.10980,5.555556E-01,7.264832E-01,1.000000E+00,8.660254E-01,1.444444E+00,1.236033E+00
"a1","A","RC",83.08230,27.90060,1.792500E+02,4.768910E+01,2.225000E+02,1.541644E+01,9.825000E+01,3.314991E+01
"a2","B","W",85.74770,27.90150,4.015714E+02,3.727943E+02,3.247143E+02,1.776811E+02,2.737143E+02,2.926663E+02
"a3","B","RM",85.74770,27.90150,3.285714E+00,3.860669E+00,3.857143E+00,2.193063E+00,2.857143E+00,2.968084E+00
