#,,,,,,,,,,,,"generated_by='OpenQuake engine 3.9.0-git33fc162ab0', start_date='2020-02-20T05:14:07', checksum=942007551, kind='rlz-001', investigation_time=1.0, imt='PGA'"
lon,lat,depth,poe-0.0100000,poe-0.0166810,poe-0.0278256,poe-0.0464159,poe-0.0774264,poe-0.1291550,poe-0.2154435,poe-0.3593814,poe-0.5994843,poe-1.0000000
0.00000,0.00000,-0.10000,7.630723E-01,7.219627E-01,6.927212E-01,6.671289E-01,5.506710E-01,4.172517E-01,2.738510E-01,1.130796E-01,0.000000E+00,0.000000E+00
